[ -426986ms] [ERROR] Permissions policy violation: unload is not allowed in this document. @ https://ajax.googleapis.com/ajax/libs/jquery/1.5.2//jquery.min.js:15
[ -413239ms] [ERROR] Failed to load resource: net::ERR_NAME_NOT_RESOLVED @ https://i.$=username$.mist-game.org/interface_v4/i/interface/compile/compile.png:0
[ -211343ms] [WARNING] Form submission canceled because the form is not connected @ https://world.mist-game.ru/:0
[  -38081ms] [WARNING] Form submission canceled because the form is not connected @ https://world.mist-game.ru/:0
[  -29253ms] [WARNING] Form submission canceled because the form is not connected @ https://world.mist-game.ru/:0
[ -431915ms] [LOG] *** SockJS CDN is being retired on Dec 1st *** Please transition to a public CDN. See https://github.com/sockjs/sockjs-client/issues/198 for more information. @ https://i.mist-game.ru/interface_v4/js/compile/chat.min.v1.js:0
[  316810ms] [ERROR] Permissions policy violation: unload is not allowed in this document. @ https://i.mist-game.ru/interface_v4/js/compile/chat.min.v1.js:0
[  316810ms] [LOG] *** SockJS CDN is being retired on Dec 1st *** Please transition to a public CDN. See https://github.com/sockjs/sockjs-client/issues/198 for more information. @ https://i.mist-game.ru/interface_v4/js/compile/chat.min.v1.js:0
[  323558ms] [ERROR] Permissions policy violation: unload is not allowed in this document. @ https://ajax.googleapis.com/ajax/libs/jquery/1.5.2//jquery.min.js:15
[  347178ms] [WARNING] Form submission canceled because the form is not connected @ https://world.mist-game.ru/:0
[  349255ms] [WARNING] Form submission canceled because the form is not connected @ https://world.mist-game.ru/:0
[  364696ms] [WARNING] Form submission canceled because the form is not connected @ https://world.mist-game.ru/:0
[  413862ms] [ERROR] Failed to load resource: the server responded with a status of 423 () @ https://world.mist-game.ru/?b=169642923&__path=battle&__idlnk=battle&__lnkprtn=cfaf16bc727073a691ad522e07cb7b95&h=f934f64855b551db6c41cee1b47b94d5&h1=5a2b1bb4399c07f41a4d7c22a3f9892b:0
[  415657ms] [ERROR] Failed to load resource: the server responded with a status of 423 () @ https://world.mist-game.ru/?b=169642923&__path=battle&__idlnk=battle&__lnkprtn=cfaf16bc727073a691ad522e07cb7b95&h=f934f64855b551db6c41cee1b47b94d5&h1=5a2b1bb4399c07f41a4d7c22a3f9892b:0
[  617897ms] [ERROR] Failed to load resource: the server responded with a status of 423 () @ https://world.mist-game.ru/?ctrl=Location&a=refresh&__path=refresh&h=54a3d342f8c6d8ae4f1d5ee9ec773451&h1=ed8c19b43aa2ded9e1cc9d50748feb91:0
[  621287ms] [ERROR] Failed to load resource: the server responded with a status of 423 () @ https://world.mist-game.ru/?ctrl=Location&a=refresh&__path=refresh&h=54a3d342f8c6d8ae4f1d5ee9ec773451&h1=ed8c19b43aa2ded9e1cc9d50748feb91:0
[  820029ms] [WARNING] Form submission canceled because the form is not connected @ https://world.mist-game.ru/:0
[ 1005403ms] [ERROR] Failed to load resource: net::ERR_NAME_NOT_RESOLVED @ https://i.$=username$.mist-game.org/interface_v4/i/interface/compile/compile.png:0
[ 1031002ms] [WARNING] Form submission canceled because the form is not connected @ https://world.mist-game.ru/:0
[ 1156191ms] [ERROR] Permissions policy violation: unload is not allowed in this document. @ https://i.mist-game.ru/interface_v4/js/compile/chat.min.v1.js:0
[ 1156191ms] [LOG] *** SockJS CDN is being retired on Dec 1st *** Please transition to a public CDN. See https://github.com/sockjs/sockjs-client/issues/198 for more information. @ https://i.mist-game.ru/interface_v4/js/compile/chat.min.v1.js:0
[ 1161969ms] [ERROR] Permissions policy violation: unload is not allowed in this document. @ https://ajax.googleapis.com/ajax/libs/jquery/1.5.2//jquery.min.js:15
[ 1348501ms] [WARNING] Form submission canceled because the form is not connected @ https://world.mist-game.ru/:0
[ 1379453ms] [WARNING] Form submission canceled because the form is not connected @ https://world.mist-game.ru/:0
[ 1399968ms] [WARNING] Form submission canceled because the form is not connected @ https://world.mist-game.ru/:0
[ 1414969ms] [ERROR] Failed to load resource: net::ERR_NAME_NOT_RESOLVED @ https://i.$=username$.mist-game.org/interface_v4/i/interface/compile/compile.png:0
[ 2994542ms] [WARNING] Form submission canceled because the form is not connected @ https://world.mist-game.ru/:0
[ 2995094ms] [WARNING] Form submission canceled because the form is not connected @ https://world.mist-game.ru/:0
[ 2995610ms] [WARNING] Form submission canceled because the form is not connected @ https://world.mist-game.ru/:0
[ 2996683ms] [WARNING] Form submission canceled because the form is not connected @ https://world.mist-game.ru/:0
[ 2997385ms] [WARNING] Form submission canceled because the form is not connected @ https://world.mist-game.ru/:0
[ 2998015ms] [WARNING] Form submission canceled because the form is not connected @ https://world.mist-game.ru/:0
[ 2998565ms] [WARNING] Form submission canceled because the form is not connected @ https://world.mist-game.ru/:0
[ 3095300ms] [WARNING] Form submission canceled because the form is not connected @ https://world.mist-game.ru/:0
[ 3099198ms] [WARNING] Form submission canceled because the form is not connected @ https://world.mist-game.ru/:0
[ 3127753ms] [WARNING] Form submission canceled because the form is not connected @ https://world.mist-game.ru/:0
[ 3499977ms] [WARNING] Form submission canceled because the form is not connected @ https://world.mist-game.ru/:0
[ 3548339ms] [ERROR] Failed to load resource: the server responded with a status of 423 () @ https://world.mist-game.ru/?ctrl=Char&a=invStored&__path=inventory_stored&__idlnk=inventory_stored&__lnkprtn=0a739c654f606db403dc495af2ae8ec4&h=ab954c78335eb398bb590b430e7f90a3&h1=a9b65f072b4f5dc80d6e9b0051b22cc9:0
[ 3669814ms] [ERROR] Permissions policy violation: unload is not allowed in this document. @ https://i.mist-game.ru/interface_v4/js/compile/chat.min.v1.js:0
[ 3669814ms] [LOG] *** SockJS CDN is being retired on Dec 1st *** Please transition to a public CDN. See https://github.com/sockjs/sockjs-client/issues/198 for more information. @ https://i.mist-game.ru/interface_v4/js/compile/chat.min.v1.js:0
[ 3676405ms] [ERROR] Permissions policy violation: unload is not allowed in this document. @ https://ajax.googleapis.com/ajax/libs/jquery/1.5.2//jquery.min.js:15
[ 3892507ms] [WARNING] Form submission canceled because the form is not connected @ https://world.mist-game.ru/:0
[ 3988548ms] [WARNING] Form submission canceled because the form is not connected @ https://world.mist-game.ru/:0
[ 3995986ms] [ERROR] Failed to load resource: the server responded with a status of 423 () @ https://world.mist-game.ru/?ctrl=Char&a=invStored&__path=inventory_stored&__idlnk=inventory_stored&__lnkprtn=de60ad52a39d06161bc319c617d7facd&h=ba3aa2cb76704d10260ebabcf6f3386a&h1=1bd44d73f1f8485aea8c102ea8770746:0
[ 3996912ms] [ERROR] Failed to load resource: the server responded with a status of 423 () @ https://world.mist-game.ru/?ctrl=Char&a=invStored&__path=inventory_stored&__idlnk=inventory_stored&__lnkprtn=de60ad52a39d06161bc319c617d7facd&h=ba3aa2cb76704d10260ebabcf6f3386a&h1=1bd44d73f1f8485aea8c102ea8770746:0
[ 3997469ms] [ERROR] Failed to load resource: the server responded with a status of 423 () @ https://world.mist-game.ru/?ctrl=Char&a=invStored&__path=inventory_stored&__idlnk=inventory_stored&__lnkprtn=de60ad52a39d06161bc319c617d7facd&h=ba3aa2cb76704d10260ebabcf6f3386a&h1=1bd44d73f1f8485aea8c102ea8770746:0
[ 3997996ms] [ERROR] Failed to load resource: the server responded with a status of 423 () @ https://world.mist-game.ru/?ctrl=Char&a=invStored&__path=inventory_stored&__idlnk=inventory_stored&__lnkprtn=de60ad52a39d06161bc319c617d7facd&h=ba3aa2cb76704d10260ebabcf6f3386a&h1=1bd44d73f1f8485aea8c102ea8770746:0
[ 3999302ms] [ERROR] Failed to load resource: the server responded with a status of 423 () @ https://world.mist-game.ru/?ctrl=Char_BuyingUp&a=show&__path=buying_up_show&__idlnk=buying_up_show&__lnkprtn=4ada1bd56a31820c5fb1b6699e6e831d&h=2667eeaf7e63bbfcd0e7de4c8a181479&h1=75a556ffb83b027ea40de5d0a2a90d13:0
[ 4002378ms] [ERROR] Failed to load resource: the server responded with a status of 423 () @ https://world.mist-game.ru/?ctrl=Char_BuyingUp&a=show&__path=buying_up_show&__idlnk=buying_up_show&__lnkprtn=4ada1bd56a31820c5fb1b6699e6e831d&h=2667eeaf7e63bbfcd0e7de4c8a181479&h1=75a556ffb83b027ea40de5d0a2a90d13:0
[ 4003816ms] [ERROR] Failed to load resource: the server responded with a status of 423 () @ https://world.mist-game.ru/?ctrl=Char_BuyingUp&a=show&__path=buying_up_show&__idlnk=buying_up_show&__lnkprtn=4ada1bd56a31820c5fb1b6699e6e831d&h=2667eeaf7e63bbfcd0e7de4c8a181479&h1=75a556ffb83b027ea40de5d0a2a90d13:0
[ 4004006ms] [ERROR] Failed to load resource: the server responded with a status of 423 () @ https://world.mist-game.ru/?ctrl=Char_BuyingUp&a=show&__path=buying_up_show&__idlnk=buying_up_show&__lnkprtn=4ada1bd56a31820c5fb1b6699e6e831d&h=2667eeaf7e63bbfcd0e7de4c8a181479&h1=75a556ffb83b027ea40de5d0a2a90d13:0
[ 4035988ms] [WARNING] Form submission canceled because the form is not connected @ https://world.mist-game.ru/:0
[ 4036695ms] [WARNING] Form submission canceled because the form is not connected @ https://world.mist-game.ru/:0
[ 4038594ms] [WARNING] Form submission canceled because the form is not connected @ https://world.mist-game.ru/:0
[ 4040006ms] [WARNING] Form submission canceled because the form is not connected @ https://world.mist-game.ru/:0
